Archive member included to satisfy reference by file (symbol)

C:/ST/STM32CubeIDE_1.19.0/STM32CubeIDE/plugins/com.st.stm32cube.ide.mcu.externaltools.gnu-tools-for-stm32.13.3.rel1.win32_1.0.100.202509120712/tools/bin/../lib/gcc/arm-none-eabi/13.3.1/../../../../arm-none-eabi/lib/thumb/v7-m/nofp\libc_nano.a(libc_a-exit.o)
                              C:/ST/STM32CubeIDE_1.19.0/STM32CubeIDE/plugins/com.st.stm32cube.ide.mcu.externaltools.gnu-tools-for-stm32.13.3.rel1.win32_1.0.100.202509120712/tools/bin/../lib/gcc/arm-none-eabi/13.3.1/../../../../arm-none-eabi/lib/thumb/v7-m/nofp/crt0.o (exit)
C:/ST/STM32CubeIDE_1.19.0/STM32CubeIDE/plugins/com.st.stm32cube.ide.mcu.externaltools.gnu-tools-for-stm32.13.3.rel1.win32_1.0.100.202509120712/tools/bin/../lib/gcc/arm-none-eabi/13.3.1/../../../../arm-none-eabi/lib/thumb/v7-m/nofp\libc_nano.a(libc_a-findfp.o)
                              C:/ST/STM32CubeIDE_1.19.0/STM32CubeIDE/plugins/com.st.stm32cube.ide.mcu.externaltools.gnu-tools-for-stm32.13.3.rel1.win32_1.0.100.202509120712/tools/bin/../lib/gcc/arm-none-eabi/13.3.1/../../../../arm-none-eabi/lib/thumb/v7-m/nofp\libc_nano.a(libc_a-exit.o) (__stdio_exit_handler)
C:/ST/STM32CubeIDE_1.19.0/STM32CubeIDE/plugins/com.st.stm32cube.ide.mcu.externaltools.gnu-tools-for-stm32.13.3.rel1.win32_1.0.100.202509120712/tools/bin/../lib/gcc/arm-none-eabi/13.3.1/../../../../arm-none-eabi/lib/thumb/v7-m/nofp\libc_nano.a(libc_a-fwalk.o)
                              C:/ST/STM32CubeIDE_1.19.0/STM32CubeIDE/plugins/com.st.stm32cube.ide.mcu.externaltools.gnu-tools-for-stm32.13.3.rel1.win32_1.0.100.202509120712/tools/bin/../lib/gcc/arm-none-eabi/13.3.1/../../../../arm-none-eabi/lib/thumb/v7-m/nofp\libc_nano.a(libc_a-findfp.o) (_fwalk_sglue)
C:/ST/STM32CubeIDE_1.19.0/STM32CubeIDE/plugins/com.st.stm32cube.ide.mcu.externaltools.gnu-tools-for-stm32.13.3.rel1.win32_1.0.100.202509120712/tools/bin/../lib/gcc/arm-none-eabi/13.3.1/../../../../arm-none-eabi/lib/thumb/v7-m/nofp\libc_nano.a(libc_a-stdio.o)
                              C:/ST/STM32CubeIDE_1.19.0/STM32CubeIDE/plugins/com.st.stm32cube.ide.mcu.externaltools.gnu-tools-for-stm32.13.3.rel1.win32_1.0.100.202509120712/tools/bin/../lib/gcc/arm-none-eabi/13.3.1/../../../../arm-none-eabi/lib/thumb/v7-m/nofp\libc_nano.a(libc_a-findfp.o) (__sread)
C:/ST/STM32CubeIDE_1.19.0/STM32CubeIDE/plugins/com.st.stm32cube.ide.mcu.externaltools.gnu-tools-for-stm32.13.3.rel1.win32_1.0.100.202509120712/tools/bin/../lib/gcc/arm-none-eabi/13.3.1/../../../../arm-none-eabi/lib/thumb/v7-m/nofp\libc_nano.a(libc_a-memset.o)
                              C:/ST/STM32CubeIDE_1.19.0/STM32CubeIDE/plugins/com.st.stm32cube.ide.mcu.externaltools.gnu-tools-for-stm32.13.3.rel1.win32_1.0.100.202509120712/tools/bin/../lib/gcc/arm-none-eabi/13.3.1/../../../../arm-none-eabi/lib/thumb/v7-m/nofp/crt0.o (memset)
C:/ST/STM32CubeIDE_1.19.0/STM32CubeIDE/plugins/com.st.stm32cube.ide.mcu.externaltools.gnu-tools-for-stm32.13.3.rel1.win32_1.0.100.202509120712/tools/bin/../lib/gcc/arm-none-eabi/13.3.1/../../../../arm-none-eabi/lib/thumb/v7-m/nofp\libc_nano.a(libc_a-closer.o)
                              C:/ST/STM32CubeIDE_1.19.0/STM32CubeIDE/plugins/com.st.stm32cube.ide.mcu.externaltools.gnu-tools-for-stm32.13.3.rel1.win32_1.0.100.202509120712/tools/bin/../lib/gcc/arm-none-eabi/13.3.1/../../../../arm-none-eabi/lib/thumb/v7-m/nofp\libc_nano.a(libc_a-stdio.o) (_close_r)
C:/ST/STM32CubeIDE_1.19.0/STM32CubeIDE/plugins/com.st.stm32cube.ide.mcu.externaltools.gnu-tools-for-stm32.13.3.rel1.win32_1.0.100.202509120712/tools/bin/../lib/gcc/arm-none-eabi/13.3.1/../../../../arm-none-eabi/lib/thumb/v7-m/nofp\libc_nano.a(libc_a-reent.o)
                              C:/ST/STM32CubeIDE_1.19.0/STM32CubeIDE/plugins/com.st.stm32cube.ide.mcu.externaltools.gnu-tools-for-stm32.13.3.rel1.win32_1.0.100.202509120712/tools/bin/../lib/gcc/arm-none-eabi/13.3.1/../../../../arm-none-eabi/lib/thumb/v7-m/nofp\libc_nano.a(libc_a-closer.o) (errno)
C:/ST/STM32CubeIDE_1.19.0/STM32CubeIDE/plugins/com.st.stm32cube.ide.mcu.externaltools.gnu-tools-for-stm32.13.3.rel1.win32_1.0.100.202509120712/tools/bin/../lib/gcc/arm-none-eabi/13.3.1/../../../../arm-none-eabi/lib/thumb/v7-m/nofp\libc_nano.a(libc_a-impure.o)
                              C:/ST/STM32CubeIDE_1.19.0/STM32CubeIDE/plugins/com.st.stm32cube.ide.mcu.externaltools.gnu-tools-for-stm32.13.3.rel1.win32_1.0.100.202509120712/tools/bin/../lib/gcc/arm-none-eabi/13.3.1/../../../../arm-none-eabi/lib/thumb/v7-m/nofp\libc_nano.a(libc_a-reent.o) (_impure_ptr)
C:/ST/STM32CubeIDE_1.19.0/STM32CubeIDE/plugins/com.st.stm32cube.ide.mcu.externaltools.gnu-tools-for-stm32.13.3.rel1.win32_1.0.100.202509120712/tools/bin/../lib/gcc/arm-none-eabi/13.3.1/../../../../arm-none-eabi/lib/thumb/v7-m/nofp\libc_nano.a(libc_a-lseekr.o)
[...]
Memory Configuration

Name             Origin             Length             Attributes
RAM              0x20000000         0x00014000         xrw
FLASH            0x08000000         0x00080000         xr
*default*        0x00000000         0xffffffff

Linker script and memory map

LOAD C:/ST/STM32CubeIDE_1.19.0/STM32CubeIDE/plugins/com.st.stm32cube.ide.mcu.externaltools.gnu-tools-for-stm32.13.3.rel1.win32_1.0.100.202509120712/tools/bin/../lib/gcc/arm-none-eabi/13.3.1/thumb/v7-m/nofp/crti.o
LOAD C:/ST/STM32CubeIDE_1.19.0/STM32CubeIDE/plugins/com.st.stm32cube.ide.mcu.externaltools.gnu-tools-for-stm32.13.3.rel1.win32_1.0.100.202509120712/tools/bin/../lib/gcc/arm-none-eabi/13.3.1/thumb/v7-m/nofp/crtbegin.o
LOAD C:/ST/STM32CubeIDE_1.19.0/STM32CubeIDE/plugins/com.st.stm32cube.ide.mcu.externaltools.gnu-tools-for-stm32.13.3.rel1.win32_1.0.100.202509120712/tools/bin/../lib/gcc/arm-none-eabi/13.3.1/../../../../arm-none-eabi/lib/thumb/v7-m/nofp/crt0.o
LOAD ./Core/Src/PWM_Expander.o
LOAD ./Core/Src/main.o
LOAD ./Core/Src/stm32l1xx_hal_msp.o
LOAD ./Core/Src/stm32l1xx_it.o
LOAD ./Core/Src/syscalls.o
LOAD ./Core/Src/sysmem.o
LOAD ./Core/Src/system_stm32l1xx.o
LOAD ./Core/Startup/startup_stm32l152retx.o
LOAD ./Drivers/STM32L1xx_HAL_Driver/Src/stm32l1xx_hal.o
LOAD ./Drivers/STM32L1xx_HAL_Driver/Src/stm32l1xx_hal_cortex.o
LOAD ./Drivers/STM32L1xx_HAL_Driver/Src/stm32l1xx_hal_dma.o
LOAD ./Drivers/STM32L1xx_HAL_Driver/Src/stm32l1xx_hal_exti.o
LOAD ./Drivers/STM32L1xx_HAL_Driver/Src/stm32l1xx_hal_flash.o
LOAD ./Drivers/STM32L1xx_HAL_Driver/Src/stm32l1xx_hal_flash_ex.o
LOAD ./Drivers/STM32L1xx_HAL_Driver/Src/stm32l1xx_hal_flash_ramfunc.o
LOAD ./Drivers/STM32L1xx_HAL_Driver/Src/stm32l1xx_hal_gpio.o
LOAD ./Drivers/STM32L1xx_HAL_Driver/Src/stm32l1xx_hal_i2c.o
LOAD ./Drivers/STM32L1xx_HAL_Driver/Src/stm32l1xx_hal_pwr.o
LOAD ./Drivers/STM32L1xx_HAL_Driver/Src/stm32l1xx_hal_pwr_ex.o
LOAD ./Drivers/STM32L1xx_HAL_Driver/Src/stm32l1xx_hal_rcc.o
LOAD ./Drivers/STM32L1xx_HAL_Driver/Src/stm32l1xx_hal_rcc_ex.o
LOAD ./Drivers/STM32L1xx_HAL_Driver/Src/stm32l1xx_hal_uart.o
START GROUP
LOAD C:/ST/STM32CubeIDE_1.19.0/STM32CubeIDE/plugins/com.st.stm32cube.ide.mcu.externaltools.gnu-tools-for-stm32.13.3.rel1.win32_1.0.100.202509120712/tools/bin/../lib/gcc/arm-none-eabi/13.3.1/../../../../arm-none-eabi/lib/thumb/v7-m/nofp\libc_nano.a
LOAD C:/ST/STM32CubeIDE_1.19.0/STM32CubeIDE/plugins/com.st.stm32cube.ide.mcu.externaltools.gnu-tools-for-stm32.13.3.rel1.win32_1.0.100.202509120712/tools/bin/../lib/gcc/arm-none-eabi/13.3.1/../../../../arm-none-eabi/lib/thumb/v7-m/nofp\libm.a
END GROUP
START GROUP
LOAD C:/ST/STM32CubeIDE_1.19.0/STM32CubeIDE/plugins/com.st.stm32cube.ide.mcu.externaltools.gnu-tools-for-stm32.13.3.rel1.win32_1.0.100.202509120712/tools/bin/../lib/gcc/arm-none-eabi/13.3.1/thumb/v7-m/nofp\libgcc.a
LOAD C:/ST/STM32CubeIDE_1.19.0/STM32CubeIDE/plugins/com.st.stm32cube.ide.mcu.externaltools.gnu-tools-for-stm32.13.3.rel1.win32_1.0.100.202509120712/tools/bin/../lib/gcc/arm-none-eabi/13.3.1/../../../../arm-none-eabi/lib/thumb/v7-m/nofp\libc_nano.a
END GROUP
START GROUP
LOAD C:/ST/STM32CubeIDE_1.19.0/STM32CubeIDE/plugins/com.st.stm32cube.ide.mcu.externaltools.gnu-tools-for-stm32.13.3.rel1.win32_1.0.100.202509120712/tools/bin/../lib/gcc/arm-none-eabi/13.3.1/thumb/v7-m/nofp\libgcc.a
LOAD C:/ST/STM32CubeIDE_1.19.0/STM32CubeIDE/plugins/com.st.stm32cube.ide.mcu.externaltools.gnu-tools-for-stm32.13.3.rel1.win32_1.0.100.202509120712/tools/bin/../lib/gcc/arm-none-eabi/13.3.1/../../../../arm-none-eabi/lib/thumb/v7-m/nofp\libc_nano.a
LOAD C:/ST/STM32CubeIDE_1.19.0/STM32CubeIDE/plugins/com.st.stm32cube.ide.mcu.externaltools.gnu-tools-for-stm32.13.3.rel1.win32_1.0.100.202509120712/tools/bin/../lib/gcc/arm-none-eabi/13.3.1/../../../../arm-none-eabi/lib/thumb/v7-m/nofp\libnosys.a
END GROUP
START GROUP
LOAD C:/ST/STM32CubeIDE_1.19.0/STM32CubeIDE/plugins/com.st.stm32cube.ide.mcu.externaltools.gnu-tools-for-stm32.13.3.rel1.win32_1.0.100.202509120712/tools/bin/../lib/gcc/arm-none-eabi/13.3.1/thumb/v7-m/nofp\libgcc.a
LOAD C:/ST/STM32CubeIDE_1.19.0/STM32CubeIDE/plugins/com.st.stm32cube.ide.mcu.externaltools.gnu-tools-for-stm32.13.3.rel1.win32_1.0.100.202509120712/tools/bin/../lib/gcc/arm-none-eabi/13.3.1/../../../../arm-none-eabi/lib/thumb/v7-m/nofp\libc_nano.a
LOAD C:/ST/STM32CubeIDE_1.19.0/STM32CubeIDE/plugins/com.st.stm32cube.ide.mcu.externaltools.gnu-tools-for-stm32.13.3.rel1.win32_1.0.100.202509120712/tools/bin/../lib/gcc/arm-none-eabi/13.3.1/../../../../arm-none-eabi/lib/thumb/v7-m/nofp\libnosys.a
END GROUP
LOAD C:/ST/STM32CubeIDE_1.19.0/STM32CubeIDE/plugins/com.st.stm32cube.ide.mcu.externaltools.gnu-tools-for-stm32.13.3.rel1.win32_1.0.100.202509120712/tools/bin/../lib/gcc/arm-none-eabi/13.3.1/thumb/v7-m/nofp/crtend.o
LOAD C:/ST/STM32CubeIDE_1.19.0/STM32CubeIDE/plugins/com.st.stm32cube.ide.mcu.externaltools.gnu-tools-for-stm32.13.3.rel1.win32_1.0.100.202509120712/tools/bin/../lib/gcc/arm-none-eabi/13.3.1/thumb/v7-m/nofp/crtn.o
                0x20014000                        _estack = (ORIGIN (RAM) + LENGTH (RAM))
                0x00000200                        _Min_Heap_Size = 0x200
                0x00000400                        _Min_Stack_Size = 0x400

.isr_vector     0x08000000      0x13c
                0x08000000                        . = ALIGN (0x4)
 *(.isr_vector)
 .isr_vector    0x08000000      0x13c ./Core/Startup/startup_stm32l152retx.o
                0x08000000                g_pfnVectors
                0x0800013c                        . = ALIGN (0x4)

.text           0x0800013c     0x2670
                0x0800013c                        . = ALIGN (0x4)
 *(.text)
 .text          0x0800013c       0x40 C:/ST/STM32CubeIDE_1.19.0/STM32CubeIDE/plugins/com.st.stm32cube.ide.mcu.externaltools.gnu-tools-for-stm32.13.3.rel1.win32_1.0.100.202509120712/tools/bin/../lib/gcc/arm-none-eabi/13.3.1/thumb/v7-m/nofp/crtbegin.o
 .text          0x0800017c       0x30 C:/ST/STM32CubeIDE_1.19.0/STM32CubeIDE/plugins/com.st.stm32cube.ide.mcu.externaltools.gnu-tools-for-stm32.13.3.rel1.win32_1.0.100.202509120712/tools/bin/../lib/gcc/arm-none-eabi/13.3.1/thumb/v7-m/nofp\libgcc.a(_aeabi_uldivmod.o)
                0x0800017c                __aeabi_uldivmod
 .text          0x080001ac      0x300 C:/ST/STM32CubeIDE_1.19.0/STM32CubeIDE/plugins/com.st.stm32cube.ide.mcu.externaltools.gnu-tools-for-stm32.13.3.rel1.win32_1.0.100.202509120712/tools/bin/../lib/gcc/arm-none-eabi/13.3.1/thumb/v7-m/nofp\libgcc.a(_udivmoddi4.o)
                0x080001ac                __udivmoddi4
 .text          0x080004ac        0x4 C:/ST/STM32CubeIDE_1.19.0/STM32CubeIDE/plugins/com.st.stm32cube.ide.mcu.externaltools.gnu-tools-for-stm32.13.3.rel1.win32_1.0.100.202509120712/tools/bin/../lib/gcc/arm-none-eabi/13.3.1/thumb/v7-m/nofp\libgcc.a(_dvmd_tls.o)
                0x080004ac                __aeabi_idiv0
                0x080004ac                __aeabi_ldiv0
 *(.text*)
 .text.main     0x080004b0       0x2e ./Core/Src/main.o
                0x080004b0                main
 *fill*         0x080004de        0x2 
 .text.SystemClock_Config
                0x080004e0       0x9c ./Core/Src/main.o
                0x080004e0                SystemClock_Config
 .text.MX_I2C1_Init
                0x0800057c       0x5c ./Core/Src/main.o
 .text.MX_USART2_UART_Init
                0x080005d8       0x54 ./Core/Src/main.o
 .text.MX_GPIO_Init
                0x0800062c       0xcc ./Core/Src/main.o
 .text.PCA9685_LED0_On
                0x080006f8       0x34 ./Core/Src/main.o
                0x080006f8                PCA9685_LED0_On
 .text.Error_Handler
                0x0800072c        0xc ./Core/Src/main.o
                0x0800072c                Error_Handler
 .text.HAL_MspInit
                0x08000738       0x60 ./Core/Src/stm32l1xx_hal_msp.o
                0x08000738                HAL_MspInit
 .text.HAL_I2C_MspInit
                0x08000798       0x88 ./Core/Src/stm32l1xx_hal_msp.o
                0x08000798                HAL_I2C_MspInit
 .text.HAL_UART_MspInit
                0x08000820       0x88 ./Core/Src/stm32l1xx_hal_msp.o
                0x08000820                HAL_UART_MspInit
 .text.NMI_Handler
                0x080008a8        0x8 ./Core/Src/stm32l1xx_it.o
                0x080008a8                NMI_Handler
 .text.HardFault_Handler
                0x080008b0        0x8 ./Core/Src/stm32l1xx_it.o
                0x080008b0                HardFault_Handler
 .text.MemManage_Handler
                0x080008b8        0x8 ./Core/Src/stm32l1xx_it.o
                0x080008b8                MemManage_Handler
 .text.BusFault_Handler
                0x080008c0        0x8 ./Core/Src/stm32l1xx_it.o
                0x080008c0                BusFault_Handler
 .text.UsageFault_Handler
                0x080008c8        0x8 ./Core/Src/stm32l1xx_it.o
                0x080008c8                UsageFault_Handler
 .text.SVC_Handler
                0x080008d0        0xc ./Core/Src/stm32l1xx_it.o
                0x080008d0                SVC_Handler
 .text.DebugMon_Handler
                0x080008dc        0xc ./Core/Src/stm32l1xx_it.o
                0x080008dc                DebugMon_Handler
 .text.PendSV_Handler
                0x080008e8        0xc ./Core/Src/stm32l1xx_it.o
                0x080008e8                PendSV_Handler
 .text.SysTick_Handler
                0x080008f4        0xc ./Core/Src/stm32l1xx_it.o
                0x080008f4                SysTick_Handler
 .text.SystemInit
                0x08000900        0xc ./Core/Src/system_stm32l1xx.o
                0x08000900                SystemInit
 .text.Reset_Handler
                0x0800090c       0x48 ./Core/Startup/startup_stm32l152retx.o
                0x0800090c                Reset_Handler
 .text.Default_Handler
                0x08000954        0x2 ./Core/Startup/startup_stm32l152retx.o
                0x08000954                RTC_Alarm_IRQHandler
                0x08000954                EXTI2_IRQHandler
                0x08000954                COMP_ACQ_IRQHandler
                0x08000954                TIM10_IRQHandler
                0x08000954                USB_HP_IRQHandler
                0x08000954                TIM6_IRQHandler
                0x08000954                PVD_IRQHandler
                0x08000954                EXTI3_IRQHandler
                0x08000954                EXTI0_IRQHandler
                0x08000954                I2C2_EV_IRQHandler
                0x08000954                SPI1_IRQHandler
                0x08000954                USB_FS_WKUP_IRQHandler
                0x08000954                DMA2_Channel2_IRQHandler
                0x08000954                DMA1_Channel4_IRQHandler
                0x08000954                ADC1_IRQHandler
                0x08000954                USART3_IRQHandler
                0x08000954                DMA1_Channel7_IRQHandler
                0x08000954                LCD_IRQHandler
                0x08000954                UART5_IRQHandler
                0x08000954                TIM4_IRQHandler
                0x08000954                DMA2_Channel1_IRQHandler
                0x08000954                I2C1_EV_IRQHandler
                0x08000954                DMA1_Channel6_IRQHandler
                0x08000954                UART4_IRQHandler
                0x08000954                DMA2_Channel4_IRQHandler
                0x08000954                TIM3_IRQHandler
                0x08000954                RCC_IRQHandler
                0x08000954                DMA1_Channel1_IRQHandler
                0x08000954                Default_Handler
                0x08000954                EXTI15_10_IRQHandler
                0x08000954                TIM7_IRQHandler
                0x08000954                TIM5_IRQHandler
                0x08000954                EXTI9_5_IRQHandler
                0x08000954                TIM9_IRQHandler
                0x08000954                TAMPER_STAMP_IRQHandler
                0x08000954                RTC_WKUP_IRQHandler
                0x08000954                SPI2_IRQHandler
                0x08000954                DMA2_Channel5_IRQHandler
                0x08000954                DMA1_Channel5_IRQHandler
                0x08000954                USB_LP_IRQHandler
                0x08000954                EXTI4_IRQHandler
                0x08000954                DMA1_Channel3_IRQHandler
                0x08000954                COMP_IRQHandler
                0x08000954                WWDG_IRQHandler
                0x08000954                TIM2_IRQHandler
                0x08000954                DAC_IRQHandler
                0x08000954                EXTI1_IRQHandler
                0x08000954                TIM11_IRQHandler
                0x08000954                USART2_IRQHandler
                0x08000954                I2C2_ER_IRQHandler
                0x08000954                DMA1_Channel2_IRQHandler
                0x08000954                FLASH_IRQHandler
                0x08000954                USART1_IRQHandler
                0x08000954                SPI3_IRQHandler
                0x08000954                I2C1_ER_IRQHandler
                0x08000954                DMA2_Channel3_IRQHandler
 .text.HAL_Init
                0x08000956       0x30 ./Drivers/STM32L1xx_HAL_Driver/Src/stm32l1xx_hal.o
                0x08000956                HAL_Init
 *fill*         0x08000986        0x2 
 .text.HAL_InitTick
                0x08000988       0x74 ./Drivers/STM32L1xx_HAL_Driver/Src/stm32l1xx_hal.o
                0x08000988                HAL_InitTick
 .text.HAL_IncTick
                0x080009fc       0x24 ./Drivers/STM32L1xx_HAL_Driver/Src/stm32l1xx_hal.o
                0x080009fc                HAL_IncTick
 .text.HAL_GetTick
                0x08000a20       0x14 ./Drivers/STM32L1xx_HAL_Driver/Src/stm32l1xx_hal.o
                0x08000a20                HAL_GetTick
 .text.HAL_Delay
                0x08000a34       0x44 ./Drivers/STM32L1xx_HAL_Driver/Src/stm32l1xx_hal.o
                0x08000a34                HAL_Delay
 .text.__NVIC_SetPriorityGrouping
                0x08000a78       0x48 ./Drivers/STM32L1xx_HAL_Driver/Src/stm32l1xx_hal_cortex.o
 .text.__NVIC_GetPriorityGrouping
                0x08000ac0       0x1c ./Drivers/STM32L1xx_HAL_Driver/Src/stm32l1xx_hal_cortex.o
 .text.__NVIC_SetPriority
                0x08000adc       0x54 ./Drivers/STM32L1xx_HAL_Driver/Src/stm32l1xx_hal_cortex.o
 .text.NVIC_EncodePriority
                0x08000b30       0x64 ./Drivers/STM32L1xx_HAL_Driver/Src/stm32l1xx_hal_cortex.o
 .text.SysTick_Config
                0x08000b94       0x44 ./Drivers/STM32L1xx_HAL_Driver/Src/stm32l1xx_hal_cortex.o
 .text.HAL_NVIC_SetPriorityGrouping
                0x08000bd8       0x16 ./Drivers/STM32L1xx_HAL_Driver/Src/stm32l1xx_hal_cortex.o
                0x08000bd8                HAL_NVIC_SetPriorityGrouping
 .text.HAL_NVIC_SetPriority
                0x08000bee       0x38 ./Drivers/STM32L1xx_HAL_Driver/Src/stm32l1xx_hal_cortex.o
                0x08000bee                HAL_NVIC_SetPriority
 .text.HAL_SYSTICK_Config
                0x08000c26       0x18 ./Drivers/STM32L1xx_HAL_Driver/Src/stm32l1xx_hal_cortex.o
                0x08000c26                HAL_SYSTICK_Config
 *fill*         0x08000c3e        0x2 
 .text.HAL_GPIO_Init
                0x08000c40      0x320 ./Drivers/STM32L1xx_HAL_Driver/Src/stm32l1xx_hal_gpio.o
                0x08000c40                HAL_GPIO_Init
 .text.HAL_GPIO_WritePin
                0x08000f60       0x30 ./Drivers/STM32L1xx_HAL_Driver/Src/stm32l1xx_hal_gpio.o
                0x08000f60                HAL_GPIO_WritePin
 .text.HAL_I2C_Init
                0x08000f90      0x288 ./Drivers/STM32L1xx_HAL_Driver/Src/stm32l1xx_hal_i2c.o
                0x08000f90                HAL_I2C_Init
 .text.HAL_I2C_Mem_Write
                0x08001218      0x1f4 ./Drivers/STM32L1xx_HAL_Driver/Src/stm32l1xx_hal_i2c.o
                0x08001218                HAL_I2C_Mem_Write
 .text.I2C_RequestMemoryWrite
                0x0800140c      0x12c ./Drivers/STM32L1xx_HAL_Driver/Src/stm32l1xx_hal_i2c.o
 .text.I2C_WaitOnFlagUntilTimeout
                0x08001538       0xf4 ./Drivers/STM32L1xx_HAL_Driver/Src/stm32l1xx_hal_i2c.o
 .text.I2C_WaitOnMasterAddressFlagUntilTimeout
                0x0800162c      0x140 ./Drivers/STM32L1xx_HAL_Driver/Src/stm32l1xx_hal_i2c.o
 .text.I2C_WaitOnTXEFlagUntilTimeout
                0x0800176c       0x90 ./Drivers/STM32L1xx_HAL_Driver/Src/stm32l1xx_hal_i2c.o
 .text.I2C_WaitOnBTFFlagUntilTimeout
                0x080017fc       0x90 ./Drivers/STM32L1xx_HAL_Driver/Src/stm32l1xx_hal_i2c.o
 .text.I2C_IsAcknowledgeFailed
                0x0800188c       0x5c ./Drivers/STM32L1xx_HAL_Driver/Src/stm32l1xx_hal_i2c.o
 .text.HAL_RCC_OscConfig
                0x080018e8      0x660 ./Drivers/STM32L1xx_HAL_Driver/Src/stm32l1xx_hal_rcc.o
                0x080018e8                HAL_RCC_OscConfig
 .text.HAL_RCC_ClockConfig
                0x08001f48      0x268 ./Drivers/STM32L1xx_HAL_Driver/Src/stm32l1xx_hal_rcc.o
                0x08001f48                HAL_RCC_ClockConfig
 .text.HAL_RCC_GetSysClockFreq
                0x080021b0      0x200 ./Drivers/STM32L1xx_HAL_Driver/Src/stm32l1xx_hal_rcc.o
                0x080021b0                HAL_RCC_GetSysClockFreq
 .text.HAL_RCC_GetHCLKFreq
                0x080023b0       0x14 ./Drivers/STM32L1xx_HAL_Driver/Src/stm32l1xx_hal_rcc.o
                0x080023b0                HAL_RCC_GetHCLKFreq
 .text.HAL_RCC_GetPCLK1Freq
                0x080023c4       0x28 ./Drivers/STM32L1xx_HAL_Driver/Src/stm32l1xx_hal_rcc.o
                0x080023c4                HAL_RCC_GetPCLK1Freq
 .text.HAL_RCC_GetPCLK2Freq
                0x080023ec       0x28 ./Drivers/STM32L1xx_HAL_Driver/Src/stm32l1xx_hal_rcc.o
                0x080023ec                HAL_RCC_GetPCLK2Freq
 .text.RCC_SetFlashLatencyFromMSIRange
                0x08002414       0xc0 ./Drivers/STM32L1xx_HAL_Driver/Src/stm32l1xx_hal_rcc.o
 .text.HAL_UART_Init
                0x080024d4       0xa0 ./Drivers/STM32L1xx_HAL_Driver/Src/stm32l1xx_hal_uart.o
                0x080024d4                HAL_UART_Init
 .text.UART_SetConfig
                0x08002574      0x1c8 ./Drivers/STM32L1xx_HAL_Driver/Src/stm32l1xx_hal_uart.o
 .text.memset   0x0800273c       0x10 C:/ST/STM32CubeIDE_1.19.0/STM32CubeIDE/plugins/com.st.stm32cube.ide.mcu.externaltools.gnu-tools-for-stm32.13.3.rel1.win32_1.0.100.202509120712/tools/bin/../lib/gcc/arm-none-eabi/13.3.1/../../../../arm-none-eabi/lib/thumb/v7-m/nofp\libc_nano.a(libc_a-memset.o)
                0x0800273c                memset
 .text.__libc_init_array
                0x0800274c       0x48 C:/ST/STM32CubeIDE_1.19.0/STM32CubeIDE/plugins/com.st.stm32cube.ide.mcu.externaltools.gnu-tools-for-stm32.13.3.rel1.win32_1.0.100.202509120712/tools/bin/../lib/gcc/arm-none-eabi/13.3.1/../../../../arm-none-eabi/lib/thumb/v7-m/nofp\libc_nano.a(libc_a-init.o)
                0x0800274c                __libc_init_array
 *(.glue_7)
 .glue_7        0x08002794        0x0 linker stubs
 *(.glue_7t)
 .glue_7t       0x08002794        0x0 linker stubs
 *(.eh_frame)
 .eh_frame      0x08002794        0x0 C:/ST/STM32CubeIDE_1.19.0/STM32CubeIDE/plugins/com.st.stm32cube.ide.mcu.externaltools.gnu-tools-for-stm32.13.3.rel1.win32_1.0.100.202509120712/tools/bin/../lib/gcc/arm-none-eabi/13.3.1/thumb/v7-m/nofp/crtbegin.o
 *(.init)
 .init          0x08002794        0x4 C:/ST/STM32CubeIDE_1.19.0/STM32CubeIDE/plugins/com.st.stm32cube.ide.mcu.externaltools.gnu-tools-for-stm32.13.3.rel1.win32_1.0.100.202509120712/tools/bin/../lib/gcc/arm-none-eabi/13.3.1/thumb/v7-m/nofp/crti.o
                0x08002794                _init
 .init          0x08002798        0x8 C:/ST/STM32CubeIDE_1.19.0/STM32CubeIDE/plugins/com.st.stm32cube.ide.mcu.externaltools.gnu-tools-for-stm32.13.3.rel1.win32_1.0.100.202509120712/tools/bin/../lib/gcc/arm-none-eabi/13.3.1/thumb/v7-m/nofp/crtn.o
 *(.fini)
 .fini          0x080027a0        0x4 C:/ST/STM32CubeIDE_1.19.0/STM32CubeIDE/plugins/com.st.stm32cube.ide.mcu.externaltools.gnu-tools-for-stm32.13.3.rel1.win32_1.0.100.202509120712/tools/bin/../lib/gcc/arm-none-eabi/13.3.1/thumb/v7-m/nofp/crti.o
                0x080027a0                _fini
 .fini          0x080027a4        0x8 C:/ST/STM32CubeIDE_1.19.0/STM32CubeIDE/plugins/com.st.stm32cube.ide.mcu.externaltools.gnu-tools-for-stm32.13.3.rel1.win32_1.0.100.202509120712/tools/bin/../lib/gcc/arm-none-eabi/13.3.1/thumb/v7-m/nofp/crtn.o
                0x080027ac                        . = ALIGN (0x4)
                0x080027ac                        _etext = .

.vfp11_veneer   0x080027ac        0x0
 .vfp11_veneer  0x080027ac        0x0 linker stubs

.v4_bx          0x080027ac        0x0
 .v4_bx         0x080027ac        0x0 linker stubs

.iplt           0x080027ac        0x0
 .iplt          0x080027ac        0x0 C:/ST/STM32CubeIDE_1.19.0/STM32CubeIDE/plugins/com.st.stm32cube.ide.mcu.externaltools.gnu-tools-for-stm32.13.3.rel1.win32_1.0.100.202509120712/tools/bin/../lib/gcc/arm-none-eabi/13.3.1/thumb/v7-m/nofp/crtbegin.o

.rodata         0x080027ac       0x24
                0x080027ac                        . = ALIGN (0x4)
 *(.rodata)
 *(.rodata*)
 .rodata.PLLMulTable
                0x080027ac        0x9 ./Core/Src/system_stm32l1xx.o
                0x080027ac                PLLMulTable
 *fill*         0x080027b5        0x3 
 .rodata.AHBPrescTable
                0x080027b8       0x10 ./Core/Src/system_stm32l1xx.o
                0x080027b8                AHBPrescTable
 .rodata.APBPrescTable
                0x080027c8        0x8 ./Core/Src/system_stm32l1xx.o
                0x080027c8                APBPrescTable
                0x080027d0                        . = ALIGN (0x4)

.ARM.extab      0x080027d0        0x0
                0x080027d0                        . = ALIGN (0x4)
 *(.ARM.extab* .gnu.linkonce.armextab.*)
                0x080027d0                        . = ALIGN (0x4)

.ARM            0x080027d0        0x8
                0x080027d0                        . = ALIGN (0x4)
                0x080027d0                        __exidx_start = .
 *(.ARM.exidx*)
 .ARM.exidx     0x080027d0        0x8 C:/ST/STM32CubeIDE_1.19.0/STM32CubeIDE/plugins/com.st.stm32cube.ide.mcu.externaltools.gnu-tools-for-stm32.13.3.rel1.win32_1.0.100.202509120712/tools/bin/../lib/gcc/arm-none-eabi/13.3.1/thumb/v7-m/nofp\libgcc.a(_udivmoddi4.o)
                0x080027d8                        __exidx_end = .
                0x080027d8                        . = ALIGN (0x4)

.preinit_array  0x080027d8        0x0
                0x080027d8                        . = ALIGN (0x4)
                0x080027d8                        PROVIDE (__preinit_array_start = .)
 *(.preinit_array*)
                0x080027d8                        PROVIDE (__preinit_array_end = .)
                0x080027d8                        . = ALIGN (0x4)

.init_array     0x080027d8        0x4
                0x080027d8                        . = ALIGN (0x4)
                0x080027d8                        PROVIDE (__init_array_start = .)
 *(SORT_BY_NAME(.init_array.*))
 *(.init_array*)
 .init_array    0x080027d8        0x4 C:/ST/STM32CubeIDE_1.19.0/STM32CubeIDE/plugins/com.st.stm32cube.ide.mcu.externaltools.gnu-tools-for-stm32.13.3.rel1.win32_1.0.100.202509120712/tools/bin/../lib/gcc/arm-none-eabi/13.3.1/thumb/v7-m/nofp/crtbegin.o
                0x080027dc                        PROVIDE (__init_array_end = .)
                0x080027dc                        . = ALIGN (0x4)

.fini_array     0x080027dc        0x4
                0x080027dc                        . = ALIGN (0x4)
                [!provide]                        PROVIDE (__fini_array_start = .)
 *(SORT_BY_NAME(.fini_array.*))
 *(.fini_array*)
 .fini_array    0x080027dc        0x4 C:/ST/STM32CubeIDE_1.19.0/STM32CubeIDE/plugins/com.st.stm32cube.ide.mcu.externaltools.gnu-tools-for-stm32.13.3.rel1.win32_1.0.100.202509120712/tools/bin/../lib/gcc/arm-none-eabi/13.3.1/thumb/v7-m/nofp/crtbegin.o
                [!provide]                        PROVIDE (__fini_array_end = .)
                0x080027e0                        . = ALIGN (0x4)
                0x080027e0                        _sidata = LOADADDR (.data)

.rel.dyn        0x080027e0        0x0
 .rel.iplt      0x080027e0        0x0 C:/ST/STM32CubeIDE_1.19.0/STM32CubeIDE/plugins/com.st.stm32cube.ide.mcu.externaltools.gnu-tools-for-stm32.13.3.rel1.win32_1.0.100.202509120712/tools/bin/../lib/gcc/arm-none-eabi/13.3.1/thumb/v7-m/nofp/crtbegin.o

.data           0x20000000        0xc load address 0x080027e0
                0x20000000                        . = ALIGN (0x4)
                0x20000000                        _sdata = .
 *(.data)
 *(.data*)
 .data.SystemCoreClock
                0x20000000        0x4 ./Core/Src/system_stm32l1xx.o
                0x20000000                SystemCoreClock
 .data.uwTickPrio
                0x20000004        0x4 ./Drivers/STM32L1xx_HAL_Driver/Src/stm32l1xx_hal.o
                0x20000004                uwTickPrio
 .data.uwTickFreq
                0x20000008        0x4 ./Drivers/STM32L1xx_HAL_Driver/Src/stm32l1xx_hal.o
                0x20000008                uwTickFreq
 *(.RamFunc)
 *(.RamFunc*)
                0x2000000c                        . = ALIGN (0x4)
                0x2000000c                        _edata = .

.igot.plt       0x2000000c        0x0 load address 0x080027ec
 .igot.plt      0x2000000c        0x0 C:/ST/STM32CubeIDE_1.19.0/STM32CubeIDE/plugins/com.st.stm32cube.ide.mcu.externaltools.gnu-tools-for-stm32.13.3.rel1.win32_1.0.100.202509120712/tools/bin/../lib/gcc/arm-none-eabi/13.3.1/thumb/v7-m/nofp/crtbegin.o
                0x2000000c                        . = ALIGN (0x4)

.bss            0x2000000c       0xbc load address 0x080027ec
                0x2000000c                        _sbss = .
                0x2000000c                        __bss_start__ = _sbss
 *(.bss)
 .bss           0x2000000c       0x1c C:/ST/STM32CubeIDE_1.19.0/STM32CubeIDE/plugins/com.st.stm32cube.ide.mcu.externaltools.gnu-tools-for-stm32.13.3.rel1.win32_1.0.100.202509120712/tools/bin/../lib/gcc/arm-none-eabi/13.3.1/thumb/v7-m/nofp/crtbegin.o
 *(.bss*)
 .bss.hi2c1     0x20000028       0x54 ./Core/Src/main.o
                0x20000028                hi2c1
 .bss.huart2    0x2000007c       0x48 ./Core/Src/main.o
                0x2000007c                huart2
 .bss.uwTick    0x200000c4        0x4 ./Drivers/STM32L1xx_HAL_Driver/Src/stm32l1xx_hal.o
                0x200000c4                uwTick
 *(COMMON)
                0x200000c8                        . = ALIGN (0x4)
                0x200000c8                        _ebss = .
                0x200000c8                        __bss_end__ = _ebss

._user_heap_stack
                0x200000c8      0x600 load address 0x080027ec
                0x200000c8                        . = ALIGN (0x8)
                [!provide]                        PROVIDE (end = .)
                0x200000c8                        PROVIDE (_end = .)
                0x200002c8                        . = (. + _Min_Heap_Size)
 *fill*         0x200000c8      0x200 
                0x200006c8                        . = (. + _Min_Stack_Size)
 *fill*         0x200002c8      0x400 
                0x200006c8                        . = ALIGN (0x8)

/DISCARD/
 libc.a(*)
 libm.a(*)
 libgcc.a(*)

.ARM.attributes
                0x00000000       0x29
 *(.ARM.attributes)
 .ARM.attributes
                0x00000000       0x1d C:/ST/STM32CubeIDE_1.19.0/STM32CubeIDE/plugins/com.st.stm32cube.ide.mcu.externaltools.gnu-tools-for-stm32.13.3.rel1.win32_1.0.100.202509120712/tools/bin/../lib/gcc/arm-none-eabi/13.3.1/thumb/v7-m/nofp/crti.o
 .ARM.attributes
                0x0000001d       0x2d C:/ST/STM32CubeIDE_1.19.0/STM32CubeIDE/plugins/com.st.stm32cube.ide.mcu.externaltools.gnu-tools-for-stm32.13.3.rel1.win32_1.0.100.202509120712/tools/bin/../lib/gcc/arm-none-eabi/13.3.1/thumb/v7-m/nofp/crtbegin.o
 .ARM.attributes
                0x0000004a       0x2d ./Core/Src/main.o
 .ARM.attributes
                0x00000077       0x2d ./Core/Src/stm32l1xx_hal_msp.o
 .ARM.attributes
                0x000000a4       0x2d ./Core/Src/stm32l1xx_it.o
 .ARM.attributes
                0x000000d1       0x2d ./Core/Src/system_stm32l1xx.o
 .ARM.attributes
                0x000000fe       0x21 ./Core/Startup/startup_stm32l152retx.o
 .ARM.attributes
                0x0000011f       0x2d ./Drivers/STM32L1xx_HAL_Driver/Src/stm32l1xx_hal.o
 .ARM.attributes
                0x0000014c       0x2d ./Drivers/STM32L1xx_HAL_Driver/Src/stm32l1xx_hal_cortex.o
 .ARM.attributes
                0x00000179       0x2d ./Drivers/STM32L1xx_HAL_Driver/Src/stm32l1xx_hal_gpio.o
 .ARM.attributes
                0x000001a6       0x2d ./Drivers/STM32L1xx_HAL_Driver/Src/stm32l1xx_hal_i2c.o
 .ARM.attributes
                0x000001d3       0x2d ./Drivers/STM32L1xx_HAL_Driver/Src/stm32l1xx_hal_rcc.o
 .ARM.attributes
                0x00000200       0x2d ./Drivers/STM32L1xx_HAL_Driver/Src/stm32l1xx_hal_uart.o
 .ARM.attributes
                0x0000022d       0x2d C:/ST/STM32CubeIDE_1.19.0/STM32CubeIDE/plugins/com.st.stm32cube.ide.mcu.externaltools.gnu-tools-for-stm32.13.3.rel1.win32_1.0.100.202509120712/tools/bin/../lib/gcc/arm-none-eabi/13.3.1/../../../../arm-none-eabi/lib/thumb/v7-m/nofp\libc_nano.a(libc_a-memset.o)
 .ARM.attributes
                0x0000025a       0x2d C:/ST/STM32CubeIDE_1.19.0/STM32CubeIDE/plugins/com.st.stm32cube.ide.mcu.externaltools.gnu-tools-for-stm32.13.3.rel1.win32_1.0.100.202509120712/tools/bin/../lib/gcc/arm-none-eabi/13.3.1/../../../../arm-none-eabi/lib/thumb/v7-m/nofp\libc_nano.a(libc_a-init.o)
 .ARM.attributes
                0x00000287       0x1d C:/ST/STM32CubeIDE_1.19.0/STM32CubeIDE/plugins/com.st.stm32cube.ide.mcu.externaltools.gnu-tools-for-stm32.13.3.rel1.win32_1.0.100.202509120712/tools/bin/../lib/gcc/arm-none-eabi/13.3.1/thumb/v7-m/nofp\libgcc.a(_aeabi_uldivmod.o)
 .ARM.attributes
                0x000002a4       0x2d C:/ST/STM32CubeIDE_1.19.0/STM32CubeIDE/plugins/com.st.stm32cube.ide.mcu.externaltools.gnu-tools-for-stm32.13.3.rel1.win32_1.0.100.202509120712/tools/bin/../lib/gcc/arm-none-eabi/13.3.1/thumb/v7-m/nofp\libgcc.a(_udivmoddi4.o)
 .ARM.attributes
                0x000002d1       0x1d C:/ST/STM32CubeIDE_1.19.0/STM32CubeIDE/plugins/com.st.stm32cube.ide.mcu.externaltools.gnu-tools-for-stm32.13.3.rel1.win32_1.0.100.202509120712/tools/bin/../lib/gcc/arm-none-eabi/13.3.1/thumb/v7-m/nofp\libgcc.a(_dvmd_tls.o)
 .ARM.attributes
                0x000002ee       0x1d C:/ST/STM32CubeIDE_1.19.0/STM32CubeIDE/plugins/com.st.stm32cube.ide.mcu.externaltools.gnu-tools-for-stm32.13.3.rel1.win32_1.0.100.202509120712/tools/bin/../lib/gcc/arm-none-eabi/13.3.1/thumb/v7-m/nofp/crtn.o
OUTPUT(PWM_IC_TEST.elf elf32-littlearm)
LOAD linker stubs
LOAD C:/ST/STM32CubeIDE_1.19.0/STM32CubeIDE/plugins/com.st.stm32cube.ide.mcu.externaltools.gnu-tools-for-stm32.13.3.rel1.win32_1.0.100.202509120712/tools/bin/../lib/gcc/arm-none-eabi/13.3.1/../../../../arm-none-eabi/lib/thumb/v7-m/nofp\libc.a
LOAD C:/ST/STM32CubeIDE_1.19.0/STM32CubeIDE/plugins/com.st.stm32cube.ide.mcu.externaltools.gnu-tools-for-stm32.13.3.rel1.win32_1.0.100.202509120712/tools/bin/../lib/gcc/arm-none-eabi/13.3.1/../../../../arm-none-eabi/lib/thumb/v7-m/nofp\libm.a
LOAD C:/ST/STM32CubeIDE_1.19.0/STM32CubeIDE/plugins/com.st.stm32cube.ide.mcu.externaltools.gnu-tools-for-stm32.13.3.rel1.win32_1.0.100.202509120712/tools/bin/../lib/gcc/arm-none-eabi/13.3.1/thumb/v7-m/nofp\libgcc.a

.debug_info     0x00000000     0x92d0
 .debug_info    0x00000000      0xe2b ./Core/Src/main.o
 .debug_info    0x00000e2b      0xb23 ./Core/Src/stm32l1xx_hal_msp.o
 .debug_info    0x0000194e      0x113 ./Core/Src/stm32l1xx_it.o
 .debug_info    0x00001a61      0x27c ./Core/Src/system_stm32l1xx.o
 .debug_info    0x00001cdd       0x30 ./Core/Startup/startup_stm32l152retx.o
 .debug_info    0x00001d0d      0x6ef ./Drivers/STM32L1xx_HAL_Driver/Src/stm32l1xx_hal.o
 .debug_info    0x000023fc      0xce5 ./Drivers/STM32L1xx_HAL_Driver/Src/stm32l1xx_hal_cortex.o
 .debug_info    0x000030e1      0x5b2 ./Drivers/STM32L1xx_HAL_Driver/Src/stm32l1xx_hal_gpio.o
 .debug_info    0x00003693     0x23b3 ./Drivers/STM32L1xx_HAL_Driver/Src/stm32l1xx_hal_i2c.o
 .debug_info    0x00005a46      0x99b ./Drivers/STM32L1xx_HAL_Driver/Src/stm32l1xx_hal_rcc.o
 .debug_info    0x000063e1     0x2eef ./Drivers/STM32L1xx_HAL_Driver/Src/stm32l1xx_hal_uart.o

.debug_abbrev   0x00000000     0x157a
 .debug_abbrev  0x00000000      0x271 ./Core/Src/main.o
 .debug_abbrev  0x00000271      0x1aa ./Core/Src/stm32l1xx_hal_msp.o
 .debug_abbrev  0x0000041b       0x73 ./Core/Src/stm32l1xx_it.o
 .debug_abbrev  0x0000048e      0x11c ./Core/Src/system_stm32l1xx.o
 .debug_abbrev  0x000005aa       0x24 ./Core/Startup/startup_stm32l152retx.o
 .debug_abbrev  0x000005ce      0x275 ./Drivers/STM32L1xx_HAL_Driver/Src/stm32l1xx_hal.o
 .debug_abbrev  0x00000843      0x31c ./Drivers/STM32L1xx_HAL_Driver/Src/stm32l1xx_hal_cortex.o
 .debug_abbrev  0x00000b5f      0x1d4 ./Drivers/STM32L1xx_HAL_Driver/Src/stm32l1xx_hal_gpio.o
 .debug_abbrev  0x00000d33      0x298 ./Drivers/STM32L1xx_HAL_Driver/Src/stm32l1xx_hal_i2c.o
 .debug_abbrev  0x00000fcb      0x2b8 ./Drivers/STM32L1xx_HAL_Driver/Src/stm32l1xx_hal_rcc.o
 .debug_abbrev  0x00001283      0x2f7 ./Drivers/STM32L1xx_HAL_Driver/Src/stm32l1xx_hal_uart.o

.debug_aranges  0x00000000      0x8e0
 .debug_aranges
                0x00000000       0x50 ./Core/Src/main.o
 .debug_aranges
                0x00000050       0x40 ./Core/Src/stm32l1xx_hal_msp.o
 .debug_aranges
                0x00000090       0x60 ./Core/Src/stm32l1xx_it.o
 .debug_aranges
                0x000000f0       0x28 ./Core/Src/system_stm32l1xx.o
 .debug_aranges
                0x00000118       0x28 ./Core/Startup/startup_stm32l152retx.o
 .debug_aranges
                0x00000140       0xe0 ./Drivers/STM32L1xx_HAL_Driver/Src/stm32l1xx_hal.o
 .debug_aranges
                0x00000220      0x128 ./Drivers/STM32L1xx_HAL_Driver/Src/stm32l1xx_hal_cortex.o
 .debug_aranges
                0x00000348       0x58 ./Drivers/STM32L1xx_HAL_Driver/Src/stm32l1xx_hal_gpio.o
 .debug_aranges
                0x000003a0      0x2a8 ./Drivers/STM32L1xx_HAL_Driver/Src/stm32l1xx_hal_i2c.o
 .debug_aranges
                0x00000648       0x90 ./Drivers/STM32L1xx_HAL_Driver/Src/stm32l1xx_hal_rcc.o
 .debug_aranges
                0x000006d8      0x208 ./Drivers/STM32L1xx_HAL_Driver/Src/stm32l1xx_hal_uart.o

.debug_rnglists
                0x00000000      0x6fc
 .debug_rnglists
                0x00000000       0x39 ./Core/Src/main.o
 .debug_rnglists
                0x00000039       0x2d ./Core/Src/stm32l1xx_hal_msp.o
 .debug_rnglists
                0x00000066       0x43 ./Core/Src/stm32l1xx_it.o
 .debug_rnglists
                0x000000a9       0x1a ./Core/Src/system_stm32l1xx.o
 .debug_rnglists
                0x000000c3       0x19 ./Core/Startup/startup_stm32l152retx.o
 .debug_rnglists
                0x000000dc       0xa3 ./Drivers/STM32L1xx_HAL_Driver/Src/stm32l1xx_hal.o
 .debug_rnglists
                0x0000017f       0xd9 ./Drivers/STM32L1xx_HAL_Driver/Src/stm32l1xx_hal_cortex.o
 .debug_rnglists
                0x00000258       0x3f ./Drivers/STM32L1xx_HAL_Driver/Src/stm32l1xx_hal_gpio.o
 .debug_rnglists
                0x00000297      0x23c ./Drivers/STM32L1xx_HAL_Driver/Src/stm32l1xx_hal_i2c.o
 .debug_rnglists
                0x000004d3       0x6d ./Drivers/STM32L1xx_HAL_Driver/Src/stm32l1xx_hal_rcc.o
 .debug_rnglists
                0x00000540      0x1bc ./Drivers/STM32L1xx_HAL_Driver/Src/stm32l1xx_hal_uart.o

.debug_macro    0x00000000     0x11a0
 .debug_macro   0x00000000      0x1c7 ./Core/Src/main.o
 .debug_macro   0x000001c7       0x58 ./Core/Src/main.o
 .debug_macro   0x0000021f      0x1b4 ./Core/Src/stm32l1xx_hal_msp.o
 .debug_macro   0x000003d3      0x1be ./Core/Src/stm32l1xx_it.o
 .debug_macro   0x00000591      0x1a5 ./Core/Src/system_stm32l1xx.o
 .debug_macro   0x00000736      0x1c9 ./Drivers/STM32L1xx_HAL_Driver/Src/stm32l1xx_hal.o
 .debug_macro   0x000008ff      0x1a5 ./Drivers/STM32L1xx_HAL_Driver/Src/stm32l1xx_hal_cortex.o
 .debug_macro   0x00000aa4      0x1ac ./Drivers/STM32L1xx_HAL_Driver/Src/stm32l1xx_hal_gpio.o
 .debug_macro   0x00000c50      0x1f3 ./Drivers/STM32L1xx_HAL_Driver/Src/stm32l1xx_hal_i2c.o
 .debug_macro   0x00000e43      0x1b7 ./Drivers/STM32L1xx_HAL_Driver/Src/stm32l1xx_hal_rcc.o
 .debug_macro   0x00000ffa      0x1a6 ./Drivers/STM32L1xx_HAL_Driver/Src/stm32l1xx_hal_uart.o

.debug_line     0x00000000     0xb045
 .debug_line    0x00000000      0x88d ./Core/Src/main.o
 .debug_line    0x0000088d      0x7b7 ./Core/Src/stm32l1xx_hal_msp.o
 .debug_line    0x00001044      0x7c9 ./Core/Src/stm32l1xx_it.o
 .debug_line    0x0000180d      0x7bb ./Core/Src/system_stm32l1xx.o
 .debug_line    0x00001fc8       0x79 ./Core/Startup/startup_stm32l152retx.o
 .debug_line    0x00002041      0x9e6 ./Drivers/STM32L1xx_HAL_Driver/Src/stm32l1xx_hal.o
 .debug_line    0x00002a27      0xcb5 ./Drivers/STM32L1xx_HAL_Driver/Src/stm32l1xx_hal_cortex.o
 .debug_line    0x000036dc      0xa2a ./Drivers/STM32L1xx_HAL_Driver/Src/stm32l1xx_hal_gpio.o
 .debug_line    0x00004106     0x3a5a ./Drivers/STM32L1xx_HAL_Driver/Src/stm32l1xx_hal_i2c.o
 .debug_line    0x00007b60      0xfaa ./Drivers/STM32L1xx_HAL_Driver/Src/stm32l1xx_hal_rcc.o
 .debug_line    0x00008b0a     0x253b ./Drivers/STM32L1xx_HAL_Driver/Src/stm32l1xx_hal_uart.o

.debug_str      0x00000000    0x8485d
 .debug_str     0x00000000    0x8485d ./Core/Src/main.o
                              0x829d4 (size before relaxing)
 .debug_str     0x0008485d        0x0 ./Core/Src/stm32l1xx_hal_msp.o
                              0x81f87 (size before relaxing)
 .debug_str     0x0008485d        0x0 ./Core/Src/stm32l1xx_it.o
                              0x81845 (size before relaxing)
 .debug_str     0x0008485d        0x0 ./Core/Src/system_stm32l1xx.o
                              0x81770 (size before relaxing)
 .debug_str     0x0008485d        0x0 ./Core/Startup/startup_stm32l152retx.o
                                 0x8e (size before relaxing)
 .debug_str     0x0008485d        0x0 ./Drivers/STM32L1xx_HAL_Driver/Src/stm32l1xx_hal.o
                              0x81e98 (size before relaxing)
 .debug_str     0x0008485d        0x0 ./Drivers/STM32L1xx_HAL_Driver/Src/stm32l1xx_hal_cortex.o
                              0x81fa4 (size before relaxing)
 .debug_str     0x0008485d        0x0 ./Drivers/STM32L1xx_HAL_Driver/Src/stm32l1xx_hal_gpio.o
                              0x81903 (size before relaxing)
 .debug_str     0x0008485d        0x0 ./Drivers/STM32L1xx_HAL_Driver/Src/stm32l1xx_hal_i2c.o
                              0x827e1 (size before relaxing)
 .debug_str     0x0008485d        0x0 ./Drivers/STM32L1xx_HAL_Driver/Src/stm32l1xx_hal_rcc.o
                              0x81c2c (size before relaxing)
 .debug_str     0x0008485d        0x0 ./Drivers/STM32L1xx_HAL_Driver/Src/stm32l1xx_hal_uart.o
                              0x821d5 (size before relaxing)

.comment        0x00000000       0x43
 .comment       0x00000000       0x43 ./Core/Src/main.o
                                 0x44 (size before relaxing)
 .comment       0x00000043        0x0 ./Core/Src/stm32l1xx_hal_msp.o
                                 0x44 (size before relaxing)
 .comment       0x00000043        0x0 ./Core/Src/stm32l1xx_it.o
                                 0x44 (size before relaxing)
 .comment       0x00000043        0x0 ./Core/Src/system_stm32l1xx.o
                                 0x44 (size before relaxing)
 .comment       0x00000043        0x0 ./Drivers/STM32L1xx_HAL_Driver/Src/stm32l1xx_hal.o
                                 0x44 (size before relaxing)
 .comment       0x00000043        0x0 ./Drivers/STM32L1xx_HAL_Driver/Src/stm32l1xx_hal_cortex.o
                                 0x44 (size before relaxing)
 .comment       0x00000043        0x0 ./Drivers/STM32L1xx_HAL_Driver/Src/stm32l1xx_hal_gpio.o
                                 0x44 (size before relaxing)
 .comment       0x00000043        0x0 ./Drivers/STM32L1xx_HAL_Driver/Src/stm32l1xx_hal_i2c.o
                                 0x44 (size before relaxing)
 .comment       0x00000043        0x0 ./Drivers/STM32L1xx_HAL_Driver/Src/stm32l1xx_hal_rcc.o
                                 0x44 (size before relaxing)
 .comment       0x00000043        0x0 ./Drivers/STM32L1xx_HAL_Driver/Src/stm32l1xx_hal_uart.o
                                 0x44 (size before relaxing)

.debug_frame    0x00000000     0x2514
 .debug_frame   0x00000000       0xec ./Core/Src/main.o
 .debug_frame   0x000000ec       0xc4 ./Core/Src/stm32l1xx_hal_msp.o
 .debug_frame   0x000001b0      0x104 ./Core/Src/stm32l1xx_it.o
 .debug_frame   0x000002b4       0x58 ./Core/Src/system_stm32l1xx.o
 .debug_frame   0x0000030c      0x33c ./Drivers/STM32L1xx_HAL_Driver/Src/stm32l1xx_hal.o
 .debug_frame   0x00000648      0x4e8 ./Drivers/STM32L1xx_HAL_Driver/Src/stm32l1xx_hal_cortex.o
 .debug_frame   0x00000b30      0x14c ./Drivers/STM32L1xx_HAL_Driver/Src/stm32l1xx_hal_gpio.o
 .debug_frame   0x00000c7c      0xc84 ./Drivers/STM32L1xx_HAL_Driver/Src/stm32l1xx_hal_i2c.o
 .debug_frame   0x00001900      0x224 ./Drivers/STM32L1xx_HAL_Driver/Src/stm32l1xx_hal_rcc.o
 .debug_frame   0x00001b24      0x944 ./Drivers/STM32L1xx_HAL_Driver/Src/stm32l1xx_hal_uart.o
 .debug_frame   0x00002468       0x20 C:/ST/STM32CubeIDE_1.19.0/STM32CubeIDE/plugins/com.st.stm32cube.ide.mcu.externaltools.gnu-tools-for-stm32.13.3.rel1.win32_1.0.100.202509120712/tools/bin/../lib/gcc/arm-none-eabi/13.3.1/../../../../arm-none-eabi/lib/thumb/v7-m/nofp\libc_nano.a(libc_a-memset.o)
 .debug_frame   0x00002488       0x2c C:/ST/STM32CubeIDE_1.19.0/STM32CubeIDE/plugins/com.st.stm32cube.ide.mcu.externaltools.gnu-tools-for-stm32.13.3.rel1.win32_1.0.100.202509120712/tools/bin/../lib/gcc/arm-none-eabi/13.3.1/../../../../arm-none-eabi/lib/thumb/v7-m/nofp\libc_nano.a(libc_a-init.o)
 .debug_frame   0x000024b4       0x2c C:/ST/STM32CubeIDE_1.19.0/STM32CubeIDE/plugins/com.st.stm32cube.ide.mcu.externaltools.gnu-tools-for-stm32.13.3.rel1.win32_1.0.100.202509120712/tools/bin/../lib/gcc/arm-none-eabi/13.3.1/thumb/v7-m/nofp\libgcc.a(_aeabi_uldivmod.o)
 .debug_frame   0x000024e0       0x34 C:/ST/STM32CubeIDE_1.19.0/STM32CubeIDE/plugins/com.st.stm32cube.ide.mcu.externaltools.gnu-tools-for-stm32.13.3.rel1.win32_1.0.100.202509120712/tools/bin/../lib/gcc/arm-none-eabi/13.3.1/thumb/v7-m/nofp\libgcc.a(_udivmoddi4.o)

.debug_line_str
                0x00000000       0x72
 .debug_line_str
                0x00000000       0x72 ./Core/Startup/startup_stm32l152retx.o
